
--- Run: 2026-06-03 17:48:38.285310 ---
[2026-06-03 17:48:23.232731] 🚀 开始自动更新 SEO 工厂...
[2026-06-03 17:48:38.278916] ⚠️ Reddit 获取失败，使用备用热点：<urlopen error timed out>
[2026-06-03 17:48:38.281656] ✅ 生成文章：AI Agent 如何彻底改变工作流
[2026-06-03 17:48:38.282054] ✅ 生成文章：2026 年最火的 5 个 Python 库
[2026-06-03 17:48:38.282394] ✅ 生成文章：Web3 去中心化身份 (DID) 详解
[2026-06-03 17:48:38.285089] ✅ 首页已更新


--- 2026-06-03 18:01:58.090022 ---
[2026-06-03 18:01:43.055818] 🚀 启动 SEO 工厂 v2.0 (极致优化)...
[2026-06-03 18:01:58.083925] ⚠️ 网络异常，使用备用热点：<urlopen error timed out>
[2026-06-03 18:01:58.086910] ✅ 生成文章：AI Agent 如何彻底改变工作流
[2026-06-03 18:01:58.087309] ✅ 生成文章：2026 年最火的 5 个 Python 库
[2026-06-03 18:01:58.087675] ✅ 生成文章：Web3 去中心化身份 (DID) 详解
[2026-06-03 18:01:58.087946] ✅ 生成文章：大模型微调避坑指南
[2026-06-03 18:01:58.088211] ✅ 生成文章：RAG 检索增强生成实战
[2026-06-03 18:01:58.089864] ✅ 首页极致优化更新完成


--- 2026-06-03 18:12:50.655200 ---
[2026-06-03 18:12:40.615907] 🚀 启动 SEO 工厂 v3.0 (头部对标版)...
[2026-06-03 18:12:50.649310] ⚠️ 网络异常，使用备用
[2026-06-03 18:12:50.652834] ✅ 生成文章：AI Agent 如何彻底改变工作流
[2026-06-03 18:12:50.653197] ✅ 生成文章：2026 年最火的 5 个 Python 库
[2026-06-03 18:12:50.653461] ✅ 生成文章：Web3 去中心化身份 (DID) 详解
[2026-06-03 18:12:50.653702] ✅ 生成文章：大模型微调避坑指南
[2026-06-03 18:12:50.653933] ✅ 生成文章：RAG 检索增强生成实战
[2026-06-03 18:12:50.655056] ✅ 首页极致优化完成 (头部对标版)

